// Jest Snapshot v1, https://goo.gl/fbAQLP

exports[`when config.enableExpressionOperation is set to false it should not process expression operations 1`] = `
"{
	"a": {
		"aa": {
			"$expression": "'should be the value of /a/aa'"
		}
	}
}"
`;

exports[`when config.enableExpressionOperation is set to true it should process expression operations 1`] = `
"{
	"a": {
		"aa": "should be the value of /a/aa"
	}
}"
`;

exports[`when config.enableExpressionOperation is set to undefined it should not process expression operations 1`] = `
"{
	"a": {
		"aa": {
			"$expression": "'should be the value of /a/aa'"
		}
	}
}"
`;
