// Jest Snapshot v1, https://goo.gl/fbAQLP

exports[`when processing an object containing an $import identifier it should resolve to a property in the processed file if also a json pointer is given 1`] = `
"{
	\\"a\\": \\"processed\\"
}"
`;

exports[`when processing an object containing an $import identifier it should resolve to the processed file 1`] = `
"{
	\\"a\\": \\"processed\\"
}"
`;

exports[`when processing an object containing an $import identifier it should resolve to the file defined in the $import property 1`] = `
"{
	\\"a\\": {
		\\"b\\": 100
	}
}"
`;

exports[`when processing an object containing an $import identifier it should resolve to undefined if the file does exist but the pointer does not and options.throwOnInvalidRef is false 1`] = `"{}"`;

exports[`when processing an object containing an $import identifier it should resolve to undefined if the file does not exist and options.throwOnInvalidRef is false 1`] = `"{}"`;
