// Jest Snapshot v1, https://goo.gl/fbAQLP

exports[`when merging two objects and a source property has a $process indicator it should process the $process property and then process/merge the result with the target 1`] = `
"{
	\\"a\\": \\"replaced\\"
}"
`;

exports[`when merging two objects and a source property has a $process indicator it should use the $process property result as $source when processing/merging with the target 1`] = `
"{
	\\"a\\": \\"bValue\\",
	\\"b\\": \\"bValue\\"
}"
`;
