// Jest Snapshot v1, https://goo.gl/fbAQLP

exports[`when merging two files and a source property has a $process indicator and $import is used it should handle the phases correctly 1`] = `
"{
	\\"a\\": {
		\\"b\\": \\"This should be the value of /a/b\\",
		\\"bb\\": \\"this should be the value of /a/bb\\",
		\\"bbb\\": \\"This should be the value of /a/b\\"
	},
	\\"aa\\": \\"this should be the value of /a/bb\\"
}"
`;

exports[`when merging two files and a source property has a $process indicator and $process.phase is set to 'afterMerge' it should process the $process property after processing the current source 1`] = `
"{
	\\"a\\": \\"This should be the value of a\\",
	\\"aa\\": \\"wrong\\"
}"
`;

exports[`when merging two files and a source property has a $process indicator and $process.phase is set to 'afterMerges' it should process the $process property after processing all sources 1`] = `
"{
	\\"a\\": \\"this should be the value of a\\",
	\\"b\\": \\"this should be the value of a\\"
}"
`;

exports[`when merging two objects and a source property has a $process indicator and $process.phase is set to 'afterMerge' it should process the $process property after processing the current source 1`] = `
"{
	\\"a\\": \\"This should be the value of /a\\",
	\\"a2\\": \\"This should be the value of /a\\",
	\\"b\\": \\"some value\\"
}"
`;

exports[`when merging two objects and a source property has a $process indicator and $process.phase is set to 'afterMerges' it should process the $process property after processing all sources 1`] = `
"{
	\\"a\\": \\"this should be the value of a\\",
	\\"b\\": {
		\\"prop\\": \\"this should be the value of a\\"
	}
}"
`;
