// Jest Snapshot v1, https://goo.gl/fbAQLP

exports[`when merging two arrays and a source property has an $match indicator and an $remove indicator it should remove the item matched by the $match json path 1`] = `
"{
	\\"a\\": [
		1,
		3
	]
}"
`;

exports[`when merging two objects and a source property has an $match indicator it should use the $match json path result as value 1`] = `
"{
	\\"a\\": {
		\\"aa\\": \\"original1\\",
		\\"ab\\": \\"original2\\",
		\\"ac\\": {}
	}
}"
`;
