// Jest Snapshot v1, https://goo.gl/fbAQLP

exports[`when merging two objects and a source property has a $combine indicator it should combine if no defaultArrayMergeOperation specified 1`] = `
"{
	\\"a\\": [
		3,
		3,
		3
	]
}"
`;

exports[`when merging two objects and a source property has a $combine indicator it should combine the source property with the target 1`] = `
"{
	\\"a\\": [
		3,
		3,
		3
	]
}"
`;
